<?xml version="1.0" encoding="ISO-8859-1" ?>
<link_info>
   <banner>PRU Linker PC v2.3.3</banner>
   <copyright>Copyright (c) 2012-2018 Texas Instruments Incorporated</copyright>
   <link_time>0x65fb8036</link_time>
   <link_errors>0x0</link_errors>
   <output_file>pru1_clk.out</output_file>
   <entry_point>
      <name>_c_int00_noinit_noargs</name>
      <address>0x0</address>
   </entry_point>
   <input_file_list>
      <input_file id="fl-2">
         <path>.\</path>
         <kind>object</kind>
         <file>main.obj</file>
         <name>main.obj</name>
      </input_file>
      <input_file id="fl-6">
         <kind>object</kind>
         <file>&lt;internal&gt;</file>
         <name>&lt;internal&gt;</name>
      </input_file>
      <input_file id="fl-14">
         <path>C:\ti\ccs1120\ccs\tools\compiler\ti-cgt-pru_2.3.3\lib\</path>
         <kind>archive</kind>
         <file>rtspruv3_le.lib</file>
         <name>boot.c.obj</name>
      </input_file>
      <input_file id="fl-15">
         <path>C:\ti\ccs1120\ccs\tools\compiler\ti-cgt-pru_2.3.3\lib\</path>
         <kind>archive</kind>
         <file>rtspruv3_le.lib</file>
         <name>autoinit.c.obj</name>
      </input_file>
      <input_file id="fl-16">
         <path>C:\ti\ccs1120\ccs\tools\compiler\ti-cgt-pru_2.3.3\lib\</path>
         <kind>archive</kind>
         <file>rtspruv3_le.lib</file>
         <name>startup.c.obj</name>
      </input_file>
      <input_file id="fl-17">
         <path>C:\ti\ccs1120\ccs\tools\compiler\ti-cgt-pru_2.3.3\lib\</path>
         <kind>archive</kind>
         <file>rtspruv3_le.lib</file>
         <name>cpy_tbl.c.obj</name>
      </input_file>
      <input_file id="fl-18">
         <path>C:\ti\ccs1120\ccs\tools\compiler\ti-cgt-pru_2.3.3\lib\</path>
         <kind>archive</kind>
         <file>rtspruv3_le.lib</file>
         <name>exit.c.obj</name>
      </input_file>
      <input_file id="fl-19">
         <path>C:\ti\ccs1120\ccs\tools\compiler\ti-cgt-pru_2.3.3\lib\</path>
         <kind>archive</kind>
         <file>rtspruv3_le.lib</file>
         <name>_lock.c.obj</name>
      </input_file>
      <input_file id="fl-1a">
         <path>C:\ti\ccs1120\ccs\tools\compiler\ti-cgt-pru_2.3.3\lib\</path>
         <kind>archive</kind>
         <file>rtspruv3_le.lib</file>
         <name>args_main.c.obj</name>
      </input_file>
      <input_file id="fl-1b">
         <path>C:\ti\ccs1120\ccs\tools\compiler\ti-cgt-pru_2.3.3\lib\</path>
         <kind>archive</kind>
         <file>rtspruv3_le.lib</file>
         <name>memcpy.asm.obj</name>
      </input_file>
      <input_file id="fl-1c">
         <path>C:\ti\ccs1120\ccs\tools\compiler\ti-cgt-pru_2.3.3\lib\</path>
         <kind>archive</kind>
         <file>rtspruv3_le.lib</file>
         <name>mpyi.c.obj</name>
      </input_file>
   </input_file_list>
   <object_component_list>
      <object_component id="oc-14">
         <name>.text:_c_int00_noinit_noargs</name>
         <load_address>0x0</load_address>
         <run_address>0x0</run_address>
         <size>0x1c</size>
         <input_file_ref idref="fl-14"/>
      </object_component>
      <object_component id="oc-33">
         <name>.text:main</name>
         <load_address>0x1c</load_address>
         <run_address>0x1c</run_address>
         <size>0x5c</size>
         <input_file_ref idref="fl-2"/>
      </object_component>
      <object_component id="oc-45">
         <name>.text:abort</name>
         <load_address>0x78</load_address>
         <run_address>0x78</run_address>
         <size>0x8</size>
         <input_file_ref idref="fl-18"/>
      </object_component>
      <object_component id="oc-83">
         <name>.text:loader_exit</name>
         <load_address>0x80</load_address>
         <run_address>0x80</run_address>
         <size>0x8</size>
         <input_file_ref idref="fl-18"/>
      </object_component>
      <object_component id="oc-11">
         <name>.stack</name>
         <uninitialized>true</uninitialized>
         <run_address>0x0</run_address>
         <size>0x4</size>
         <input_file_ref idref="fl-14"/>
      </object_component>
      <object_component id="oc-22d">
         <name>.stack</name>
         <uninitialized>true</uninitialized>
         <run_address>0x0</run_address>
         <size>0x0</size>
      </object_component>
      <object_component id="oc-36">
         <name>.debug_info</name>
         <load_address>0x0</load_address>
         <run_address>0x0</run_address>
         <size>0xcf</size>
         <input_file_ref idref="fl-2"/>
      </object_component>
      <object_component id="oc-12">
         <name>.debug_info</name>
         <load_address>0xcf</load_address>
         <run_address>0xcf</run_address>
         <size>0xf5</size>
         <input_file_ref idref="fl-14"/>
      </object_component>
      <object_component id="oc-15">
         <name>.debug_info</name>
         <load_address>0x1c4</load_address>
         <run_address>0x1c4</run_address>
         <size>0x154</size>
         <input_file_ref idref="fl-14"/>
      </object_component>
      <object_component id="oc-2e">
         <name>.debug_info</name>
         <load_address>0x318</load_address>
         <run_address>0x318</run_address>
         <size>0x84</size>
         <input_file_ref idref="fl-14"/>
      </object_component>
      <object_component id="oc-87">
         <name>.debug_info</name>
         <load_address>0x39c</load_address>
         <run_address>0x39c</run_address>
         <size>0x12d</size>
         <input_file_ref idref="fl-18"/>
      </object_component>
      <object_component id="oc-47">
         <name>.debug_info</name>
         <load_address>0x4c9</load_address>
         <run_address>0x4c9</run_address>
         <size>0x12e</size>
         <input_file_ref idref="fl-18"/>
      </object_component>
      <object_component id="oc-22e">
         <name>.debug_info</name>
         <load_address>0x5f7</load_address>
         <run_address>0x5f7</run_address>
         <size>0xa3</size>
      </object_component>
      <object_component id="oc-34">
         <name>.debug_line</name>
         <load_address>0x0</load_address>
         <run_address>0x0</run_address>
         <size>0x50</size>
         <input_file_ref idref="fl-2"/>
      </object_component>
      <object_component id="oc-2d">
         <name>.debug_line</name>
         <load_address>0x50</load_address>
         <run_address>0x50</run_address>
         <size>0x2a</size>
         <input_file_ref idref="fl-14"/>
      </object_component>
      <object_component id="oc-18">
         <name>.debug_line</name>
         <load_address>0x7a</load_address>
         <run_address>0x7a</run_address>
         <size>0x3f</size>
         <input_file_ref idref="fl-14"/>
      </object_component>
      <object_component id="oc-31">
         <name>.debug_line</name>
         <load_address>0xb9</load_address>
         <run_address>0xb9</run_address>
         <size>0x20</size>
         <input_file_ref idref="fl-14"/>
      </object_component>
      <object_component id="oc-85">
         <name>.debug_line</name>
         <load_address>0xd9</load_address>
         <run_address>0xd9</run_address>
         <size>0x37</size>
         <input_file_ref idref="fl-18"/>
      </object_component>
      <object_component id="oc-46">
         <name>.debug_line</name>
         <load_address>0x110</load_address>
         <run_address>0x110</run_address>
         <size>0x3b</size>
         <input_file_ref idref="fl-18"/>
      </object_component>
      <object_component id="oc-44">
         <name>.debug_abbrev</name>
         <load_address>0x0</load_address>
         <run_address>0x0</run_address>
         <size>0x25</size>
         <input_file_ref idref="fl-2"/>
      </object_component>
      <object_component id="oc-2c">
         <name>.debug_abbrev</name>
         <load_address>0x25</load_address>
         <run_address>0x25</run_address>
         <size>0x29</size>
         <input_file_ref idref="fl-14"/>
      </object_component>
      <object_component id="oc-39">
         <name>.debug_abbrev</name>
         <load_address>0x4e</load_address>
         <run_address>0x4e</run_address>
         <size>0x55</size>
         <input_file_ref idref="fl-14"/>
      </object_component>
      <object_component id="oc-30">
         <name>.debug_abbrev</name>
         <load_address>0xa3</load_address>
         <run_address>0xa3</run_address>
         <size>0x1f</size>
         <input_file_ref idref="fl-14"/>
      </object_component>
      <object_component id="oc-b4">
         <name>.debug_abbrev</name>
         <load_address>0xc2</load_address>
         <run_address>0xc2</run_address>
         <size>0x51</size>
         <input_file_ref idref="fl-18"/>
      </object_component>
      <object_component id="oc-89">
         <name>.debug_abbrev</name>
         <load_address>0x113</load_address>
         <run_address>0x113</run_address>
         <size>0x55</size>
         <input_file_ref idref="fl-18"/>
      </object_component>
      <object_component id="oc-22f">
         <name>.debug_abbrev</name>
         <load_address>0x168</load_address>
         <run_address>0x168</run_address>
         <size>0xf</size>
      </object_component>
      <object_component id="oc-35">
         <name>.debug_aranges</name>
         <load_address>0x0</load_address>
         <run_address>0x0</run_address>
         <size>0x20</size>
         <input_file_ref idref="fl-2"/>
      </object_component>
      <object_component id="oc-16">
         <name>.debug_aranges</name>
         <load_address>0x20</load_address>
         <run_address>0x20</run_address>
         <size>0x20</size>
         <input_file_ref idref="fl-14"/>
      </object_component>
      <object_component id="oc-84">
         <name>.debug_aranges</name>
         <load_address>0x40</load_address>
         <run_address>0x40</run_address>
         <size>0x20</size>
         <input_file_ref idref="fl-18"/>
      </object_component>
      <object_component id="oc-49">
         <name>.debug_aranges</name>
         <load_address>0x60</load_address>
         <run_address>0x60</run_address>
         <size>0x20</size>
         <input_file_ref idref="fl-18"/>
      </object_component>
      <object_component id="oc-37">
         <name>.debug_pubnames</name>
         <load_address>0x0</load_address>
         <run_address>0x0</run_address>
         <size>0x2a</size>
         <input_file_ref idref="fl-2"/>
      </object_component>
      <object_component id="oc-13">
         <name>.debug_pubnames</name>
         <load_address>0x2a</load_address>
         <run_address>0x2a</run_address>
         <size>0x1d</size>
         <input_file_ref idref="fl-14"/>
      </object_component>
      <object_component id="oc-17">
         <name>.debug_pubnames</name>
         <load_address>0x47</load_address>
         <run_address>0x47</run_address>
         <size>0x2d</size>
         <input_file_ref idref="fl-14"/>
      </object_component>
      <object_component id="oc-88">
         <name>.debug_pubnames</name>
         <load_address>0x74</load_address>
         <run_address>0x74</run_address>
         <size>0x22</size>
         <input_file_ref idref="fl-18"/>
      </object_component>
      <object_component id="oc-48">
         <name>.debug_pubnames</name>
         <load_address>0x96</load_address>
         <run_address>0x96</run_address>
         <size>0x1c</size>
         <input_file_ref idref="fl-18"/>
      </object_component>
      <object_component id="oc-19">
         <name>.debug_frame</name>
         <load_address>0x0</load_address>
         <run_address>0x0</run_address>
         <size>0x78</size>
         <input_file_ref idref="fl-14"/>
      </object_component>
      <object_component id="oc-86">
         <name>.debug_frame</name>
         <load_address>0x78</load_address>
         <run_address>0x78</run_address>
         <size>0x7c</size>
         <input_file_ref idref="fl-18"/>
      </object_component>
      <object_component id="oc-4a">
         <name>.debug_frame</name>
         <load_address>0xf4</load_address>
         <run_address>0xf4</run_address>
         <size>0x7c</size>
         <input_file_ref idref="fl-18"/>
      </object_component>
      <object_component id="oc-32">
         <name>.debug_str</name>
         <load_address>0x0</load_address>
         <run_address>0x0</run_address>
         <size>0xf4</size>
         <input_file_ref idref="fl-14"/>
      </object_component>
      <object_component id="oc-2f">
         <name>.debug_pubtypes</name>
         <load_address>0x0</load_address>
         <run_address>0x0</run_address>
         <size>0xed</size>
         <input_file_ref idref="fl-14"/>
      </object_component>
   </object_component_list>
   <logical_group_list>
      <logical_group id="lg-2" display="no" color="cyan">
         <name>.text:_c_int00*</name>
         <load_address>0x0</load_address>
         <run_address>0x0</run_address>
         <size>0x1c</size>
         <contents>
            <object_component_ref idref="oc-14"/>
         </contents>
      </logical_group>
      <logical_group id="lg-3" display="no" color="cyan">
         <name>.text</name>
         <load_address>0x1c</load_address>
         <run_address>0x1c</run_address>
         <size>0x6c</size>
         <contents>
            <object_component_ref idref="oc-33"/>
            <object_component_ref idref="oc-45"/>
            <object_component_ref idref="oc-83"/>
         </contents>
      </logical_group>
      <logical_group id="lg-4" display="no" color="cyan">
         <name>.stack</name>
         <run_address>0x0</run_address>
         <size>0x4</size>
         <contents>
            <object_component_ref idref="oc-11"/>
            <object_component_ref idref="oc-22d"/>
         </contents>
      </logical_group>
      <logical_group id="lg-5" display="no" color="cyan">
         <name>.bss</name>
         <run_address>0x0</run_address>
         <size>0x0</size>
         <contents>
         </contents>
      </logical_group>
      <logical_group id="lg-6" display="no" color="cyan">
         <name>.cio</name>
         <run_address>0x0</run_address>
         <size>0x0</size>
         <contents>
         </contents>
      </logical_group>
      <logical_group id="lg-7" display="no" color="cyan">
         <name>.data</name>
         <run_address>0x0</run_address>
         <size>0x0</size>
         <contents>
         </contents>
      </logical_group>
      <logical_group id="lg-8" display="no" color="cyan">
         <name>.switch</name>
         <run_address>0x0</run_address>
         <size>0x0</size>
         <contents>
         </contents>
      </logical_group>
      <logical_group id="lg-9" display="no" color="cyan">
         <name>.sysmem</name>
         <run_address>0x0</run_address>
         <size>0x0</size>
         <contents>
         </contents>
      </logical_group>
      <logical_group id="lg-a" display="no" color="cyan">
         <name>.cinit</name>
         <run_address>0x0</run_address>
         <size>0x0</size>
         <contents>
         </contents>
      </logical_group>
      <logical_group id="lg-b" display="no" color="cyan">
         <name>.rodata</name>
         <run_address>0x0</run_address>
         <size>0x0</size>
         <contents>
         </contents>
      </logical_group>
      <logical_group id="lg-c" display="no" color="cyan">
         <name>.rofardata</name>
         <run_address>0x0</run_address>
         <size>0x0</size>
         <contents>
         </contents>
      </logical_group>
      <logical_group id="lg-d" display="no" color="cyan">
         <name>.farbss</name>
         <run_address>0x0</run_address>
         <size>0x0</size>
         <contents>
         </contents>
      </logical_group>
      <logical_group id="lg-e" display="no" color="cyan">
         <name>.fardata</name>
         <run_address>0x0</run_address>
         <size>0x0</size>
         <contents>
         </contents>
      </logical_group>
      <logical_group id="lg-ea" display="no" color="cyan">
         <name>.creg.PRU_DMEM_0_1.noload.near</name>
         <run_address>0x0</run_address>
         <size>0x0</size>
         <contents>
         </contents>
      </logical_group>
      <logical_group id="lg-eb" display="no" color="cyan">
         <name>.creg.PRU_DMEM_0_1.near</name>
         <run_address>0x0</run_address>
         <size>0x0</size>
         <contents>
         </contents>
      </logical_group>
      <logical_group id="lg-ec" display="no" color="cyan">
         <name>.creg.PRU_DMEM_0_1.noload.far</name>
         <run_address>0x0</run_address>
         <size>0x0</size>
         <contents>
         </contents>
      </logical_group>
      <logical_group id="lg-ed" display="no" color="cyan">
         <name>.creg.PRU_DMEM_0_1.far</name>
         <run_address>0x0</run_address>
         <size>0x0</size>
         <contents>
         </contents>
      </logical_group>
      <logical_group id="lg-e9" display="no" color="cyan">
         <name>C24_GROUP</name>
         <run_address>0x0</run_address>
         <size>0x0</size>
         <contents>
            <logical_group_ref idref="lg-ea"/>
            <logical_group_ref idref="lg-eb"/>
            <logical_group_ref idref="lg-ec"/>
            <logical_group_ref idref="lg-ed"/>
         </contents>
      </logical_group>
      <logical_group id="lg-ef" display="no" color="cyan">
         <name>.creg.PRU_DMEM_1_0.noload.near</name>
         <run_address>0x0</run_address>
         <size>0x0</size>
         <contents>
         </contents>
      </logical_group>
      <logical_group id="lg-f0" display="no" color="cyan">
         <name>.creg.PRU_DMEM_1_0.near</name>
         <run_address>0x0</run_address>
         <size>0x0</size>
         <contents>
         </contents>
      </logical_group>
      <logical_group id="lg-f1" display="no" color="cyan">
         <name>.creg.PRU_DMEM_1_0.noload.far</name>
         <run_address>0x0</run_address>
         <size>0x0</size>
         <contents>
         </contents>
      </logical_group>
      <logical_group id="lg-f2" display="no" color="cyan">
         <name>.creg.PRU_DMEM_1_0.far</name>
         <run_address>0x0</run_address>
         <size>0x0</size>
         <contents>
         </contents>
      </logical_group>
      <logical_group id="lg-ee" display="no" color="cyan">
         <name>C25_GROUP</name>
         <run_address>0x0</run_address>
         <size>0x0</size>
         <contents>
            <logical_group_ref idref="lg-ef"/>
            <logical_group_ref idref="lg-f0"/>
            <logical_group_ref idref="lg-f1"/>
            <logical_group_ref idref="lg-f2"/>
         </contents>
      </logical_group>
      <logical_group id="lg-f4" display="no" color="cyan">
         <name>.creg.PRU_SHAREDMEM.noload.near</name>
         <run_address>0x0</run_address>
         <size>0x0</size>
         <contents>
         </contents>
      </logical_group>
      <logical_group id="lg-f5" display="no" color="cyan">
         <name>.creg.PRU_SHAREDMEM.near</name>
         <run_address>0x0</run_address>
         <size>0x0</size>
         <contents>
         </contents>
      </logical_group>
      <logical_group id="lg-f6" display="no" color="cyan">
         <name>.creg.PRU_SHAREDMEM.noload.far</name>
         <run_address>0x0</run_address>
         <size>0x0</size>
         <contents>
         </contents>
      </logical_group>
      <logical_group id="lg-f7" display="no" color="cyan">
         <name>.creg.PRU_SHAREDMEM.far</name>
         <run_address>0x0</run_address>
         <size>0x0</size>
         <contents>
         </contents>
      </logical_group>
      <logical_group id="lg-f3" display="no" color="cyan">
         <name>C28_GROUP</name>
         <run_address>0x0</run_address>
         <size>0x0</size>
         <contents>
            <logical_group_ref idref="lg-f4"/>
            <logical_group_ref idref="lg-f5"/>
            <logical_group_ref idref="lg-f6"/>
            <logical_group_ref idref="lg-f7"/>
         </contents>
      </logical_group>
      <logical_group id="lg-f9" display="no" color="cyan">
         <name>.creg.PRU_INTC.noload.near</name>
         <run_address>0x0</run_address>
         <size>0x0</size>
         <contents>
         </contents>
      </logical_group>
      <logical_group id="lg-fa" display="no" color="cyan">
         <name>.creg.PRU_INTC.near</name>
         <run_address>0x0</run_address>
         <size>0x0</size>
         <contents>
         </contents>
      </logical_group>
      <logical_group id="lg-fb" display="no" color="cyan">
         <name>.creg.PRU_INTC.noload.far</name>
         <run_address>0x0</run_address>
         <size>0x0</size>
         <contents>
         </contents>
      </logical_group>
      <logical_group id="lg-fc" display="no" color="cyan">
         <name>.creg.PRU_INTC.far</name>
         <run_address>0x0</run_address>
         <size>0x0</size>
         <contents>
         </contents>
      </logical_group>
      <logical_group id="lg-f8" display="no" color="cyan">
         <name>C0_GROUP</name>
         <run_address>0x0</run_address>
         <size>0x0</size>
         <contents>
            <logical_group_ref idref="lg-f9"/>
            <logical_group_ref idref="lg-fa"/>
            <logical_group_ref idref="lg-fb"/>
            <logical_group_ref idref="lg-fc"/>
         </contents>
      </logical_group>
      <logical_group id="lg-fe" display="no" color="cyan">
         <name>.creg.PRU_CFG.noload.near</name>
         <run_address>0x0</run_address>
         <size>0x0</size>
         <contents>
         </contents>
      </logical_group>
      <logical_group id="lg-ff" display="no" color="cyan">
         <name>.creg.PRU_CFG.near</name>
         <run_address>0x0</run_address>
         <size>0x0</size>
         <contents>
         </contents>
      </logical_group>
      <logical_group id="lg-100" display="no" color="cyan">
         <name>.creg.PRU_CFG.noload.far</name>
         <run_address>0x0</run_address>
         <size>0x0</size>
         <contents>
         </contents>
      </logical_group>
      <logical_group id="lg-101" display="no" color="cyan">
         <name>.creg.PRU_CFG.far</name>
         <run_address>0x0</run_address>
         <size>0x0</size>
         <contents>
         </contents>
      </logical_group>
      <logical_group id="lg-fd" display="no" color="cyan">
         <name>C4_GROUP</name>
         <run_address>0x0</run_address>
         <size>0x0</size>
         <contents>
            <logical_group_ref idref="lg-fe"/>
            <logical_group_ref idref="lg-ff"/>
            <logical_group_ref idref="lg-100"/>
            <logical_group_ref idref="lg-101"/>
         </contents>
      </logical_group>
      <logical_group id="lg-103" display="no" color="cyan">
         <name>.creg.PRU_UART.noload.near</name>
         <run_address>0x0</run_address>
         <size>0x0</size>
         <contents>
         </contents>
      </logical_group>
      <logical_group id="lg-104" display="no" color="cyan">
         <name>.creg.PRU_UART.near</name>
         <run_address>0x0</run_address>
         <size>0x0</size>
         <contents>
         </contents>
      </logical_group>
      <logical_group id="lg-105" display="no" color="cyan">
         <name>.creg.PRU_UART.noload.far</name>
         <run_address>0x0</run_address>
         <size>0x0</size>
         <contents>
         </contents>
      </logical_group>
      <logical_group id="lg-106" display="no" color="cyan">
         <name>.creg.PRU_UART.far</name>
         <run_address>0x0</run_address>
         <size>0x0</size>
         <contents>
         </contents>
      </logical_group>
      <logical_group id="lg-102" display="no" color="cyan">
         <name>C7_GROUP</name>
         <run_address>0x0</run_address>
         <size>0x0</size>
         <contents>
            <logical_group_ref idref="lg-103"/>
            <logical_group_ref idref="lg-104"/>
            <logical_group_ref idref="lg-105"/>
            <logical_group_ref idref="lg-106"/>
         </contents>
      </logical_group>
      <logical_group id="lg-108" display="no" color="cyan">
         <name>.creg.PRU_IEP.noload.near</name>
         <run_address>0x0</run_address>
         <size>0x0</size>
         <contents>
         </contents>
      </logical_group>
      <logical_group id="lg-109" display="no" color="cyan">
         <name>.creg.PRU_IEP.near</name>
         <run_address>0x0</run_address>
         <size>0x0</size>
         <contents>
         </contents>
      </logical_group>
      <logical_group id="lg-10a" display="no" color="cyan">
         <name>.creg.PRU_IEP.noload.far</name>
         <run_address>0x0</run_address>
         <size>0x0</size>
         <contents>
         </contents>
      </logical_group>
      <logical_group id="lg-10b" display="no" color="cyan">
         <name>.creg.PRU_IEP.far</name>
         <run_address>0x0</run_address>
         <size>0x0</size>
         <contents>
         </contents>
      </logical_group>
      <logical_group id="lg-107" display="no" color="cyan">
         <name>C26_GROUP</name>
         <run_address>0x0</run_address>
         <size>0x0</size>
         <contents>
            <logical_group_ref idref="lg-108"/>
            <logical_group_ref idref="lg-109"/>
            <logical_group_ref idref="lg-10a"/>
            <logical_group_ref idref="lg-10b"/>
         </contents>
      </logical_group>
      <logical_group id="lg-10d" display="no" color="cyan">
         <name>.creg.PRU_ECAP.noload.near</name>
         <run_address>0x0</run_address>
         <size>0x0</size>
         <contents>
         </contents>
      </logical_group>
      <logical_group id="lg-10e" display="no" color="cyan">
         <name>.creg.PRU_ECAP.near</name>
         <run_address>0x0</run_address>
         <size>0x0</size>
         <contents>
         </contents>
      </logical_group>
      <logical_group id="lg-10f" display="no" color="cyan">
         <name>.creg.PRU_ECAP.noload.far</name>
         <run_address>0x0</run_address>
         <size>0x0</size>
         <contents>
         </contents>
      </logical_group>
      <logical_group id="lg-110" display="no" color="cyan">
         <name>.creg.PRU_ECAP.far</name>
         <run_address>0x0</run_address>
         <size>0x0</size>
         <contents>
         </contents>
      </logical_group>
      <logical_group id="lg-10c" display="no" color="cyan">
         <name>C3_GROUP</name>
         <run_address>0x0</run_address>
         <size>0x0</size>
         <contents>
            <logical_group_ref idref="lg-10d"/>
            <logical_group_ref idref="lg-10e"/>
            <logical_group_ref idref="lg-10f"/>
            <logical_group_ref idref="lg-110"/>
         </contents>
      </logical_group>
      <logical_group id="lg-112" display="no" color="cyan">
         <name>.creg.RSVD27.noload.near</name>
         <run_address>0x0</run_address>
         <size>0x0</size>
         <contents>
         </contents>
      </logical_group>
      <logical_group id="lg-113" display="no" color="cyan">
         <name>.creg.RSVD27.near</name>
         <run_address>0x0</run_address>
         <size>0x0</size>
         <contents>
         </contents>
      </logical_group>
      <logical_group id="lg-114" display="no" color="cyan">
         <name>.creg.RSVD27.noload.far</name>
         <run_address>0x0</run_address>
         <size>0x0</size>
         <contents>
         </contents>
      </logical_group>
      <logical_group id="lg-115" display="no" color="cyan">
         <name>.creg.RSVD27.far</name>
         <run_address>0x0</run_address>
         <size>0x0</size>
         <contents>
         </contents>
      </logical_group>
      <logical_group id="lg-111" display="no" color="cyan">
         <name>C27_GROUP</name>
         <run_address>0x0</run_address>
         <size>0x0</size>
         <contents>
            <logical_group_ref idref="lg-112"/>
            <logical_group_ref idref="lg-113"/>
            <logical_group_ref idref="lg-114"/>
            <logical_group_ref idref="lg-115"/>
         </contents>
      </logical_group>
      <logical_group id="lg-117" display="no" color="cyan">
         <name>.creg.RSVD21.noload.near</name>
         <run_address>0x0</run_address>
         <size>0x0</size>
         <contents>
         </contents>
      </logical_group>
      <logical_group id="lg-118" display="no" color="cyan">
         <name>.creg.RSVD21.near</name>
         <run_address>0x0</run_address>
         <size>0x0</size>
         <contents>
         </contents>
      </logical_group>
      <logical_group id="lg-119" display="no" color="cyan">
         <name>.creg.RSVD21.noload.far</name>
         <run_address>0x0</run_address>
         <size>0x0</size>
         <contents>
         </contents>
      </logical_group>
      <logical_group id="lg-11a" display="no" color="cyan">
         <name>.creg.RSVD21.far</name>
         <run_address>0x0</run_address>
         <size>0x0</size>
         <contents>
         </contents>
      </logical_group>
      <logical_group id="lg-116" display="no" color="cyan">
         <name>C21_GROUP</name>
         <run_address>0x0</run_address>
         <size>0x0</size>
         <contents>
            <logical_group_ref idref="lg-117"/>
            <logical_group_ref idref="lg-118"/>
            <logical_group_ref idref="lg-119"/>
            <logical_group_ref idref="lg-11a"/>
         </contents>
      </logical_group>
      <logical_group id="lg-11c" display="no" color="cyan">
         <name>.creg.L3OCMC.noload.near</name>
         <run_address>0x0</run_address>
         <size>0x0</size>
         <contents>
         </contents>
      </logical_group>
      <logical_group id="lg-11d" display="no" color="cyan">
         <name>.creg.L3OCMC.near</name>
         <run_address>0x0</run_address>
         <size>0x0</size>
         <contents>
         </contents>
      </logical_group>
      <logical_group id="lg-11e" display="no" color="cyan">
         <name>.creg.L3OCMC.noload.far</name>
         <run_address>0x0</run_address>
         <size>0x0</size>
         <contents>
         </contents>
      </logical_group>
      <logical_group id="lg-11f" display="no" color="cyan">
         <name>.creg.L3OCMC.far</name>
         <run_address>0x0</run_address>
         <size>0x0</size>
         <contents>
         </contents>
      </logical_group>
      <logical_group id="lg-11b" display="no" color="cyan">
         <name>C30_GROUP</name>
         <run_address>0x0</run_address>
         <size>0x0</size>
         <contents>
            <logical_group_ref idref="lg-11c"/>
            <logical_group_ref idref="lg-11d"/>
            <logical_group_ref idref="lg-11e"/>
            <logical_group_ref idref="lg-11f"/>
         </contents>
      </logical_group>
      <logical_group id="lg-121" display="no" color="cyan">
         <name>.creg.MCASP0_DMA.noload.near</name>
         <run_address>0x0</run_address>
         <size>0x0</size>
         <contents>
         </contents>
      </logical_group>
      <logical_group id="lg-122" display="no" color="cyan">
         <name>.creg.MCASP0_DMA.near</name>
         <run_address>0x0</run_address>
         <size>0x0</size>
         <contents>
         </contents>
      </logical_group>
      <logical_group id="lg-123" display="no" color="cyan">
         <name>.creg.MCASP0_DMA.noload.far</name>
         <run_address>0x0</run_address>
         <size>0x0</size>
         <contents>
         </contents>
      </logical_group>
      <logical_group id="lg-124" display="no" color="cyan">
         <name>.creg.MCASP0_DMA.far</name>
         <run_address>0x0</run_address>
         <size>0x0</size>
         <contents>
         </contents>
      </logical_group>
      <logical_group id="lg-120" display="no" color="cyan">
         <name>C8_GROUP</name>
         <run_address>0x0</run_address>
         <size>0x0</size>
         <contents>
            <logical_group_ref idref="lg-121"/>
            <logical_group_ref idref="lg-122"/>
            <logical_group_ref idref="lg-123"/>
            <logical_group_ref idref="lg-124"/>
         </contents>
      </logical_group>
      <logical_group id="lg-126" display="no" color="cyan">
         <name>.creg.UART1.noload.near</name>
         <run_address>0x0</run_address>
         <size>0x0</size>
         <contents>
         </contents>
      </logical_group>
      <logical_group id="lg-127" display="no" color="cyan">
         <name>.creg.UART1.near</name>
         <run_address>0x0</run_address>
         <size>0x0</size>
         <contents>
         </contents>
      </logical_group>
      <logical_group id="lg-128" display="no" color="cyan">
         <name>.creg.UART1.noload.far</name>
         <run_address>0x0</run_address>
         <size>0x0</size>
         <contents>
         </contents>
      </logical_group>
      <logical_group id="lg-129" display="no" color="cyan">
         <name>.creg.UART1.far</name>
         <run_address>0x0</run_address>
         <size>0x0</size>
         <contents>
         </contents>
      </logical_group>
      <logical_group id="lg-125" display="no" color="cyan">
         <name>C11_GROUP</name>
         <run_address>0x0</run_address>
         <size>0x0</size>
         <contents>
            <logical_group_ref idref="lg-126"/>
            <logical_group_ref idref="lg-127"/>
            <logical_group_ref idref="lg-128"/>
            <logical_group_ref idref="lg-129"/>
         </contents>
      </logical_group>
      <logical_group id="lg-12b" display="no" color="cyan">
         <name>.creg.UART2.noload.near</name>
         <run_address>0x0</run_address>
         <size>0x0</size>
         <contents>
         </contents>
      </logical_group>
      <logical_group id="lg-12c" display="no" color="cyan">
         <name>.creg.UART2.near</name>
         <run_address>0x0</run_address>
         <size>0x0</size>
         <contents>
         </contents>
      </logical_group>
      <logical_group id="lg-12d" display="no" color="cyan">
         <name>.creg.UART2.noload.far</name>
         <run_address>0x0</run_address>
         <size>0x0</size>
         <contents>
         </contents>
      </logical_group>
      <logical_group id="lg-12e" display="no" color="cyan">
         <name>.creg.UART2.far</name>
         <run_address>0x0</run_address>
         <size>0x0</size>
         <contents>
         </contents>
      </logical_group>
      <logical_group id="lg-12a" display="no" color="cyan">
         <name>C12_GROUP</name>
         <run_address>0x0</run_address>
         <size>0x0</size>
         <contents>
            <logical_group_ref idref="lg-12b"/>
            <logical_group_ref idref="lg-12c"/>
            <logical_group_ref idref="lg-12d"/>
            <logical_group_ref idref="lg-12e"/>
         </contents>
      </logical_group>
      <logical_group id="lg-130" display="no" color="cyan">
         <name>.creg.I2C1.noload.near</name>
         <run_address>0x0</run_address>
         <size>0x0</size>
         <contents>
         </contents>
      </logical_group>
      <logical_group id="lg-131" display="no" color="cyan">
         <name>.creg.I2C1.near</name>
         <run_address>0x0</run_address>
         <size>0x0</size>
         <contents>
         </contents>
      </logical_group>
      <logical_group id="lg-132" display="no" color="cyan">
         <name>.creg.I2C1.noload.far</name>
         <run_address>0x0</run_address>
         <size>0x0</size>
         <contents>
         </contents>
      </logical_group>
      <logical_group id="lg-133" display="no" color="cyan">
         <name>.creg.I2C1.far</name>
         <run_address>0x0</run_address>
         <size>0x0</size>
         <contents>
         </contents>
      </logical_group>
      <logical_group id="lg-12f" display="no" color="cyan">
         <name>C2_GROUP</name>
         <run_address>0x0</run_address>
         <size>0x0</size>
         <contents>
            <logical_group_ref idref="lg-130"/>
            <logical_group_ref idref="lg-131"/>
            <logical_group_ref idref="lg-132"/>
            <logical_group_ref idref="lg-133"/>
         </contents>
      </logical_group>
      <logical_group id="lg-135" display="no" color="cyan">
         <name>.creg.MCSPI0.noload.near</name>
         <run_address>0x0</run_address>
         <size>0x0</size>
         <contents>
         </contents>
      </logical_group>
      <logical_group id="lg-136" display="no" color="cyan">
         <name>.creg.MCSPI0.near</name>
         <run_address>0x0</run_address>
         <size>0x0</size>
         <contents>
         </contents>
      </logical_group>
      <logical_group id="lg-137" display="no" color="cyan">
         <name>.creg.MCSPI0.noload.far</name>
         <run_address>0x0</run_address>
         <size>0x0</size>
         <contents>
         </contents>
      </logical_group>
      <logical_group id="lg-138" display="no" color="cyan">
         <name>.creg.MCSPI0.far</name>
         <run_address>0x0</run_address>
         <size>0x0</size>
         <contents>
         </contents>
      </logical_group>
      <logical_group id="lg-134" display="no" color="cyan">
         <name>C6_GROUP</name>
         <run_address>0x0</run_address>
         <size>0x0</size>
         <contents>
            <logical_group_ref idref="lg-135"/>
            <logical_group_ref idref="lg-136"/>
            <logical_group_ref idref="lg-137"/>
            <logical_group_ref idref="lg-138"/>
         </contents>
      </logical_group>
      <logical_group id="lg-13a" display="no" color="cyan">
         <name>.creg.DMTIMER2.noload.near</name>
         <run_address>0x0</run_address>
         <size>0x0</size>
         <contents>
         </contents>
      </logical_group>
      <logical_group id="lg-13b" display="no" color="cyan">
         <name>.creg.DMTIMER2.near</name>
         <run_address>0x0</run_address>
         <size>0x0</size>
         <contents>
         </contents>
      </logical_group>
      <logical_group id="lg-13c" display="no" color="cyan">
         <name>.creg.DMTIMER2.noload.far</name>
         <run_address>0x0</run_address>
         <size>0x0</size>
         <contents>
         </contents>
      </logical_group>
      <logical_group id="lg-13d" display="no" color="cyan">
         <name>.creg.DMTIMER2.far</name>
         <run_address>0x0</run_address>
         <size>0x0</size>
         <contents>
         </contents>
      </logical_group>
      <logical_group id="lg-139" display="no" color="cyan">
         <name>C1_GROUP</name>
         <run_address>0x0</run_address>
         <size>0x0</size>
         <contents>
            <logical_group_ref idref="lg-13a"/>
            <logical_group_ref idref="lg-13b"/>
            <logical_group_ref idref="lg-13c"/>
            <logical_group_ref idref="lg-13d"/>
         </contents>
      </logical_group>
      <logical_group id="lg-13f" display="no" color="cyan">
         <name>.creg.MMCHS0.noload.near</name>
         <run_address>0x0</run_address>
         <size>0x0</size>
         <contents>
         </contents>
      </logical_group>
      <logical_group id="lg-140" display="no" color="cyan">
         <name>.creg.MMCHS0.near</name>
         <run_address>0x0</run_address>
         <size>0x0</size>
         <contents>
         </contents>
      </logical_group>
      <logical_group id="lg-141" display="no" color="cyan">
         <name>.creg.MMCHS0.noload.far</name>
         <run_address>0x0</run_address>
         <size>0x0</size>
         <contents>
         </contents>
      </logical_group>
      <logical_group id="lg-142" display="no" color="cyan">
         <name>.creg.MMCHS0.far</name>
         <run_address>0x0</run_address>
         <size>0x0</size>
         <contents>
         </contents>
      </logical_group>
      <logical_group id="lg-13e" display="no" color="cyan">
         <name>C5_GROUP</name>
         <run_address>0x0</run_address>
         <size>0x0</size>
         <contents>
            <logical_group_ref idref="lg-13f"/>
            <logical_group_ref idref="lg-140"/>
            <logical_group_ref idref="lg-141"/>
            <logical_group_ref idref="lg-142"/>
         </contents>
      </logical_group>
      <logical_group id="lg-144" display="no" color="cyan">
         <name>.creg.MBX0.noload.near</name>
         <run_address>0x0</run_address>
         <size>0x0</size>
         <contents>
         </contents>
      </logical_group>
      <logical_group id="lg-145" display="no" color="cyan">
         <name>.creg.MBX0.near</name>
         <run_address>0x0</run_address>
         <size>0x0</size>
         <contents>
         </contents>
      </logical_group>
      <logical_group id="lg-146" display="no" color="cyan">
         <name>.creg.MBX0.noload.far</name>
         <run_address>0x0</run_address>
         <size>0x0</size>
         <contents>
         </contents>
      </logical_group>
      <logical_group id="lg-147" display="no" color="cyan">
         <name>.creg.MBX0.far</name>
         <run_address>0x0</run_address>
         <size>0x0</size>
         <contents>
         </contents>
      </logical_group>
      <logical_group id="lg-143" display="no" color="cyan">
         <name>C22_GROUP</name>
         <run_address>0x0</run_address>
         <size>0x0</size>
         <contents>
            <logical_group_ref idref="lg-144"/>
            <logical_group_ref idref="lg-145"/>
            <logical_group_ref idref="lg-146"/>
            <logical_group_ref idref="lg-147"/>
         </contents>
      </logical_group>
      <logical_group id="lg-149" display="no" color="cyan">
         <name>.creg.SPINLOCK.noload.near</name>
         <run_address>0x0</run_address>
         <size>0x0</size>
         <contents>
         </contents>
      </logical_group>
      <logical_group id="lg-14a" display="no" color="cyan">
         <name>.creg.SPINLOCK.near</name>
         <run_address>0x0</run_address>
         <size>0x0</size>
         <contents>
         </contents>
      </logical_group>
      <logical_group id="lg-14b" display="no" color="cyan">
         <name>.creg.SPINLOCK.noload.far</name>
         <run_address>0x0</run_address>
         <size>0x0</size>
         <contents>
         </contents>
      </logical_group>
      <logical_group id="lg-14c" display="no" color="cyan">
         <name>.creg.SPINLOCK.far</name>
         <run_address>0x0</run_address>
         <size>0x0</size>
         <contents>
         </contents>
      </logical_group>
      <logical_group id="lg-148" display="no" color="cyan">
         <name>C23_GROUP</name>
         <run_address>0x0</run_address>
         <size>0x0</size>
         <contents>
            <logical_group_ref idref="lg-149"/>
            <logical_group_ref idref="lg-14a"/>
            <logical_group_ref idref="lg-14b"/>
            <logical_group_ref idref="lg-14c"/>
         </contents>
      </logical_group>
      <logical_group id="lg-14e" display="no" color="cyan">
         <name>.creg.I2C2.noload.near</name>
         <run_address>0x0</run_address>
         <size>0x0</size>
         <contents>
         </contents>
      </logical_group>
      <logical_group id="lg-14f" display="no" color="cyan">
         <name>.creg.I2C2.near</name>
         <run_address>0x0</run_address>
         <size>0x0</size>
         <contents>
         </contents>
      </logical_group>
      <logical_group id="lg-150" display="no" color="cyan">
         <name>.creg.I2C2.noload.far</name>
         <run_address>0x0</run_address>
         <size>0x0</size>
         <contents>
         </contents>
      </logical_group>
      <logical_group id="lg-151" display="no" color="cyan">
         <name>.creg.I2C2.far</name>
         <run_address>0x0</run_address>
         <size>0x0</size>
         <contents>
         </contents>
      </logical_group>
      <logical_group id="lg-14d" display="no" color="cyan">
         <name>C17_GROUP</name>
         <run_address>0x0</run_address>
         <size>0x0</size>
         <contents>
            <logical_group_ref idref="lg-14e"/>
            <logical_group_ref idref="lg-14f"/>
            <logical_group_ref idref="lg-150"/>
            <logical_group_ref idref="lg-151"/>
         </contents>
      </logical_group>
      <logical_group id="lg-153" display="no" color="cyan">
         <name>.creg.MCSPI1.noload.near</name>
         <run_address>0x0</run_address>
         <size>0x0</size>
         <contents>
         </contents>
      </logical_group>
      <logical_group id="lg-154" display="no" color="cyan">
         <name>.creg.MCSPI1.near</name>
         <run_address>0x0</run_address>
         <size>0x0</size>
         <contents>
         </contents>
      </logical_group>
      <logical_group id="lg-155" display="no" color="cyan">
         <name>.creg.MCSPI1.noload.far</name>
         <run_address>0x0</run_address>
         <size>0x0</size>
         <contents>
         </contents>
      </logical_group>
      <logical_group id="lg-156" display="no" color="cyan">
         <name>.creg.MCSPI1.far</name>
         <run_address>0x0</run_address>
         <size>0x0</size>
         <contents>
         </contents>
      </logical_group>
      <logical_group id="lg-152" display="no" color="cyan">
         <name>C16_GROUP</name>
         <run_address>0x0</run_address>
         <size>0x0</size>
         <contents>
            <logical_group_ref idref="lg-153"/>
            <logical_group_ref idref="lg-154"/>
            <logical_group_ref idref="lg-155"/>
            <logical_group_ref idref="lg-156"/>
         </contents>
      </logical_group>
      <logical_group id="lg-158" display="no" color="cyan">
         <name>.creg.DCAN0.noload.near</name>
         <run_address>0x0</run_address>
         <size>0x0</size>
         <contents>
         </contents>
      </logical_group>
      <logical_group id="lg-159" display="no" color="cyan">
         <name>.creg.DCAN0.near</name>
         <run_address>0x0</run_address>
         <size>0x0</size>
         <contents>
         </contents>
      </logical_group>
      <logical_group id="lg-15a" display="no" color="cyan">
         <name>.creg.DCAN0.noload.far</name>
         <run_address>0x0</run_address>
         <size>0x0</size>
         <contents>
         </contents>
      </logical_group>
      <logical_group id="lg-15b" display="no" color="cyan">
         <name>.creg.DCAN0.far</name>
         <run_address>0x0</run_address>
         <size>0x0</size>
         <contents>
         </contents>
      </logical_group>
      <logical_group id="lg-157" display="no" color="cyan">
         <name>C14_GROUP</name>
         <run_address>0x0</run_address>
         <size>0x0</size>
         <contents>
            <logical_group_ref idref="lg-158"/>
            <logical_group_ref idref="lg-159"/>
            <logical_group_ref idref="lg-15a"/>
            <logical_group_ref idref="lg-15b"/>
         </contents>
      </logical_group>
      <logical_group id="lg-15d" display="no" color="cyan">
         <name>.creg.DCAN1.noload.near</name>
         <run_address>0x0</run_address>
         <size>0x0</size>
         <contents>
         </contents>
      </logical_group>
      <logical_group id="lg-15e" display="no" color="cyan">
         <name>.creg.DCAN1.near</name>
         <run_address>0x0</run_address>
         <size>0x0</size>
         <contents>
         </contents>
      </logical_group>
      <logical_group id="lg-15f" display="no" color="cyan">
         <name>.creg.DCAN1.noload.far</name>
         <run_address>0x0</run_address>
         <size>0x0</size>
         <contents>
         </contents>
      </logical_group>
      <logical_group id="lg-160" display="no" color="cyan">
         <name>.creg.DCAN1.far</name>
         <run_address>0x0</run_address>
         <size>0x0</size>
         <contents>
         </contents>
      </logical_group>
      <logical_group id="lg-15c" display="no" color="cyan">
         <name>C15_GROUP</name>
         <run_address>0x0</run_address>
         <size>0x0</size>
         <contents>
            <logical_group_ref idref="lg-15d"/>
            <logical_group_ref idref="lg-15e"/>
            <logical_group_ref idref="lg-15f"/>
            <logical_group_ref idref="lg-160"/>
         </contents>
      </logical_group>
      <logical_group id="lg-162" display="no" color="cyan">
         <name>.creg.PWMSS0.noload.near</name>
         <run_address>0x0</run_address>
         <size>0x0</size>
         <contents>
         </contents>
      </logical_group>
      <logical_group id="lg-163" display="no" color="cyan">
         <name>.creg.PWMSS0.near</name>
         <run_address>0x0</run_address>
         <size>0x0</size>
         <contents>
         </contents>
      </logical_group>
      <logical_group id="lg-164" display="no" color="cyan">
         <name>.creg.PWMSS0.noload.far</name>
         <run_address>0x0</run_address>
         <size>0x0</size>
         <contents>
         </contents>
      </logical_group>
      <logical_group id="lg-165" display="no" color="cyan">
         <name>.creg.PWMSS0.far</name>
         <run_address>0x0</run_address>
         <size>0x0</size>
         <contents>
         </contents>
      </logical_group>
      <logical_group id="lg-161" display="no" color="cyan">
         <name>C18_GROUP</name>
         <run_address>0x0</run_address>
         <size>0x0</size>
         <contents>
            <logical_group_ref idref="lg-162"/>
            <logical_group_ref idref="lg-163"/>
            <logical_group_ref idref="lg-164"/>
            <logical_group_ref idref="lg-165"/>
         </contents>
      </logical_group>
      <logical_group id="lg-167" display="no" color="cyan">
         <name>.creg.PWMSS1.noload.near</name>
         <run_address>0x0</run_address>
         <size>0x0</size>
         <contents>
         </contents>
      </logical_group>
      <logical_group id="lg-168" display="no" color="cyan">
         <name>.creg.PWMSS1.near</name>
         <run_address>0x0</run_address>
         <size>0x0</size>
         <contents>
         </contents>
      </logical_group>
      <logical_group id="lg-169" display="no" color="cyan">
         <name>.creg.PWMSS1.noload.far</name>
         <run_address>0x0</run_address>
         <size>0x0</size>
         <contents>
         </contents>
      </logical_group>
      <logical_group id="lg-16a" display="no" color="cyan">
         <name>.creg.PWMSS1.far</name>
         <run_address>0x0</run_address>
         <size>0x0</size>
         <contents>
         </contents>
      </logical_group>
      <logical_group id="lg-166" display="no" color="cyan">
         <name>C19_GROUP</name>
         <run_address>0x0</run_address>
         <size>0x0</size>
         <contents>
            <logical_group_ref idref="lg-167"/>
            <logical_group_ref idref="lg-168"/>
            <logical_group_ref idref="lg-169"/>
            <logical_group_ref idref="lg-16a"/>
         </contents>
      </logical_group>
      <logical_group id="lg-16c" display="no" color="cyan">
         <name>.creg.PWMSS2.noload.near</name>
         <run_address>0x0</run_address>
         <size>0x0</size>
         <contents>
         </contents>
      </logical_group>
      <logical_group id="lg-16d" display="no" color="cyan">
         <name>.creg.PWMSS2.near</name>
         <run_address>0x0</run_address>
         <size>0x0</size>
         <contents>
         </contents>
      </logical_group>
      <logical_group id="lg-16e" display="no" color="cyan">
         <name>.creg.PWMSS2.noload.far</name>
         <run_address>0x0</run_address>
         <size>0x0</size>
         <contents>
         </contents>
      </logical_group>
      <logical_group id="lg-16f" display="no" color="cyan">
         <name>.creg.PWMSS2.far</name>
         <run_address>0x0</run_address>
         <size>0x0</size>
         <contents>
         </contents>
      </logical_group>
      <logical_group id="lg-16b" display="no" color="cyan">
         <name>C20_GROUP</name>
         <run_address>0x0</run_address>
         <size>0x0</size>
         <contents>
            <logical_group_ref idref="lg-16c"/>
            <logical_group_ref idref="lg-16d"/>
            <logical_group_ref idref="lg-16e"/>
            <logical_group_ref idref="lg-16f"/>
         </contents>
      </logical_group>
      <logical_group id="lg-171" display="no" color="cyan">
         <name>.creg.RSVD13.noload.near</name>
         <run_address>0x0</run_address>
         <size>0x0</size>
         <contents>
         </contents>
      </logical_group>
      <logical_group id="lg-172" display="no" color="cyan">
         <name>.creg.RSVD13.near</name>
         <run_address>0x0</run_address>
         <size>0x0</size>
         <contents>
         </contents>
      </logical_group>
      <logical_group id="lg-173" display="no" color="cyan">
         <name>.creg.RSVD13.noload.far</name>
         <run_address>0x0</run_address>
         <size>0x0</size>
         <contents>
         </contents>
      </logical_group>
      <logical_group id="lg-174" display="no" color="cyan">
         <name>.creg.RSVD13.far</name>
         <run_address>0x0</run_address>
         <size>0x0</size>
         <contents>
         </contents>
      </logical_group>
      <logical_group id="lg-170" display="no" color="cyan">
         <name>C13_GROUP</name>
         <run_address>0x0</run_address>
         <size>0x0</size>
         <contents>
            <logical_group_ref idref="lg-171"/>
            <logical_group_ref idref="lg-172"/>
            <logical_group_ref idref="lg-173"/>
            <logical_group_ref idref="lg-174"/>
         </contents>
      </logical_group>
      <logical_group id="lg-176" display="no" color="cyan">
         <name>.creg.RSVD10.noload.near</name>
         <run_address>0x0</run_address>
         <size>0x0</size>
         <contents>
         </contents>
      </logical_group>
      <logical_group id="lg-177" display="no" color="cyan">
         <name>.creg.RSVD10.near</name>
         <run_address>0x0</run_address>
         <size>0x0</size>
         <contents>
         </contents>
      </logical_group>
      <logical_group id="lg-178" display="no" color="cyan">
         <name>.creg.RSVD10.noload.far</name>
         <run_address>0x0</run_address>
         <size>0x0</size>
         <contents>
         </contents>
      </logical_group>
      <logical_group id="lg-179" display="no" color="cyan">
         <name>.creg.RSVD10.far</name>
         <run_address>0x0</run_address>
         <size>0x0</size>
         <contents>
         </contents>
      </logical_group>
      <logical_group id="lg-175" display="no" color="cyan">
         <name>C10_GROUP</name>
         <run_address>0x0</run_address>
         <size>0x0</size>
         <contents>
            <logical_group_ref idref="lg-176"/>
            <logical_group_ref idref="lg-177"/>
            <logical_group_ref idref="lg-178"/>
            <logical_group_ref idref="lg-179"/>
         </contents>
      </logical_group>
      <logical_group id="lg-17b" display="no" color="cyan">
         <name>.creg.TPCC.noload.near</name>
         <run_address>0x0</run_address>
         <size>0x0</size>
         <contents>
         </contents>
      </logical_group>
      <logical_group id="lg-17c" display="no" color="cyan">
         <name>.creg.TPCC.near</name>
         <run_address>0x0</run_address>
         <size>0x0</size>
         <contents>
         </contents>
      </logical_group>
      <logical_group id="lg-17d" display="no" color="cyan">
         <name>.creg.TPCC.noload.far</name>
         <run_address>0x0</run_address>
         <size>0x0</size>
         <contents>
         </contents>
      </logical_group>
      <logical_group id="lg-17e" display="no" color="cyan">
         <name>.creg.TPCC.far</name>
         <run_address>0x0</run_address>
         <size>0x0</size>
         <contents>
         </contents>
      </logical_group>
      <logical_group id="lg-17a" display="no" color="cyan">
         <name>C29_GROUP</name>
         <run_address>0x0</run_address>
         <size>0x0</size>
         <contents>
            <logical_group_ref idref="lg-17b"/>
            <logical_group_ref idref="lg-17c"/>
            <logical_group_ref idref="lg-17d"/>
            <logical_group_ref idref="lg-17e"/>
         </contents>
      </logical_group>
      <logical_group id="lg-180" display="no" color="cyan">
         <name>.creg.GEMAC.noload.near</name>
         <run_address>0x0</run_address>
         <size>0x0</size>
         <contents>
         </contents>
      </logical_group>
      <logical_group id="lg-181" display="no" color="cyan">
         <name>.creg.GEMAC.near</name>
         <run_address>0x0</run_address>
         <size>0x0</size>
         <contents>
         </contents>
      </logical_group>
      <logical_group id="lg-182" display="no" color="cyan">
         <name>.creg.GEMAC.noload.far</name>
         <run_address>0x0</run_address>
         <size>0x0</size>
         <contents>
         </contents>
      </logical_group>
      <logical_group id="lg-183" display="no" color="cyan">
         <name>.creg.GEMAC.far</name>
         <run_address>0x0</run_address>
         <size>0x0</size>
         <contents>
         </contents>
      </logical_group>
      <logical_group id="lg-17f" display="no" color="cyan">
         <name>C9_GROUP</name>
         <run_address>0x0</run_address>
         <size>0x0</size>
         <contents>
            <logical_group_ref idref="lg-180"/>
            <logical_group_ref idref="lg-181"/>
            <logical_group_ref idref="lg-182"/>
            <logical_group_ref idref="lg-183"/>
         </contents>
      </logical_group>
      <logical_group id="lg-185" display="no" color="cyan">
         <name>.creg.DDR.noload.near</name>
         <run_address>0x0</run_address>
         <size>0x0</size>
         <contents>
         </contents>
      </logical_group>
      <logical_group id="lg-186" display="no" color="cyan">
         <name>.creg.DDR.near</name>
         <run_address>0x0</run_address>
         <size>0x0</size>
         <contents>
         </contents>
      </logical_group>
      <logical_group id="lg-187" display="no" color="cyan">
         <name>.creg.DDR.noload.far</name>
         <run_address>0x0</run_address>
         <size>0x0</size>
         <contents>
         </contents>
      </logical_group>
      <logical_group id="lg-188" display="no" color="cyan">
         <name>.creg.DDR.far</name>
         <run_address>0x0</run_address>
         <size>0x0</size>
         <contents>
         </contents>
      </logical_group>
      <logical_group id="lg-184" display="no" color="cyan">
         <name>C31_GROUP</name>
         <run_address>0x0</run_address>
         <size>0x0</size>
         <contents>
            <logical_group_ref idref="lg-185"/>
            <logical_group_ref idref="lg-186"/>
            <logical_group_ref idref="lg-187"/>
            <logical_group_ref idref="lg-188"/>
         </contents>
      </logical_group>
      <logical_group id="lg-216" display="never" color="cyan">
         <name>.debug_info</name>
         <load_address>0x0</load_address>
         <run_address>0x0</run_address>
         <size>0x69a</size>
         <contents>
            <object_component_ref idref="oc-36"/>
            <object_component_ref idref="oc-12"/>
            <object_component_ref idref="oc-15"/>
            <object_component_ref idref="oc-2e"/>
            <object_component_ref idref="oc-87"/>
            <object_component_ref idref="oc-47"/>
            <object_component_ref idref="oc-22e"/>
         </contents>
      </logical_group>
      <logical_group id="lg-218" display="never" color="cyan">
         <name>.debug_line</name>
         <load_address>0x0</load_address>
         <run_address>0x0</run_address>
         <size>0x14b</size>
         <contents>
            <object_component_ref idref="oc-34"/>
            <object_component_ref idref="oc-2d"/>
            <object_component_ref idref="oc-18"/>
            <object_component_ref idref="oc-31"/>
            <object_component_ref idref="oc-85"/>
            <object_component_ref idref="oc-46"/>
         </contents>
      </logical_group>
      <logical_group id="lg-21a" display="never" color="cyan">
         <name>.debug_abbrev</name>
         <load_address>0x0</load_address>
         <run_address>0x0</run_address>
         <size>0x177</size>
         <contents>
            <object_component_ref idref="oc-44"/>
            <object_component_ref idref="oc-2c"/>
            <object_component_ref idref="oc-39"/>
            <object_component_ref idref="oc-30"/>
            <object_component_ref idref="oc-b4"/>
            <object_component_ref idref="oc-89"/>
            <object_component_ref idref="oc-22f"/>
         </contents>
      </logical_group>
      <logical_group id="lg-21c" display="never" color="cyan">
         <name>.debug_aranges</name>
         <load_address>0x0</load_address>
         <run_address>0x0</run_address>
         <size>0x80</size>
         <contents>
            <object_component_ref idref="oc-35"/>
            <object_component_ref idref="oc-16"/>
            <object_component_ref idref="oc-84"/>
            <object_component_ref idref="oc-49"/>
         </contents>
      </logical_group>
      <logical_group id="lg-21e" display="never" color="cyan">
         <name>.debug_pubnames</name>
         <load_address>0x0</load_address>
         <run_address>0x0</run_address>
         <size>0xb2</size>
         <contents>
            <object_component_ref idref="oc-37"/>
            <object_component_ref idref="oc-13"/>
            <object_component_ref idref="oc-17"/>
            <object_component_ref idref="oc-88"/>
            <object_component_ref idref="oc-48"/>
         </contents>
      </logical_group>
      <logical_group id="lg-220" display="never" color="cyan">
         <name>.debug_frame</name>
         <load_address>0x0</load_address>
         <run_address>0x0</run_address>
         <size>0x170</size>
         <contents>
            <object_component_ref idref="oc-19"/>
            <object_component_ref idref="oc-86"/>
            <object_component_ref idref="oc-4a"/>
         </contents>
      </logical_group>
      <logical_group id="lg-222" display="never" color="cyan">
         <name>.debug_str</name>
         <load_address>0x0</load_address>
         <run_address>0x0</run_address>
         <size>0xf4</size>
         <contents>
            <object_component_ref idref="oc-32"/>
         </contents>
      </logical_group>
      <logical_group id="lg-224" display="never" color="cyan">
         <name>.debug_pubtypes</name>
         <load_address>0x0</load_address>
         <run_address>0x0</run_address>
         <size>0xed</size>
         <contents>
            <object_component_ref idref="oc-2f"/>
         </contents>
      </logical_group>
      <load_segment id="lg-230" display="no" color="cyan">
         <name>SEGMENT_0</name>
         <load_address>0x0</load_address>
         <run_address>0x0</run_address>
         <size>0x88</size>
         <flags>0x5</flags>
         <contents>
            <logical_group_ref idref="lg-2"/>
            <logical_group_ref idref="lg-3"/>
         </contents>
      </load_segment>
      <load_segment id="lg-231" display="no" color="cyan">
         <name>SEGMENT_1</name>
         <run_address>0x0</run_address>
         <size>0x4</size>
         <flags>0x6</flags>
         <contents>
            <logical_group_ref idref="lg-4"/>
         </contents>
      </load_segment>
   </logical_group_list>
   <placement_map>
      <memory_area display="yes" color="green">
         <name>PRU_IMEM</name>
         <page_id>0x0</page_id>
         <origin>0x0</origin>
         <length>0x2000</length>
         <used_space>0x88</used_space>
         <unused_space>0x1f78</unused_space>
         <attributes>RWIX</attributes>
         <usage_details>
            <allocated_space>
               <start_address>0x0</start_address>
               <size>0x1c</size>
               <logical_group_ref idref="lg-2"/>
            </allocated_space>
            <allocated_space>
               <start_address>0x1c</start_address>
               <size>0x6c</size>
               <logical_group_ref idref="lg-3"/>
            </allocated_space>
            <available_space>
               <start_address>0x88</start_address>
               <size>0x1f78</size>
            </available_space>
         </usage_details>
      </memory_area>
      <memory_area display="yes" color="green">
         <name>PRU_DMEM_0_1</name>
         <page_id>0x1</page_id>
         <origin>0x0</origin>
         <length>0x2000</length>
         <used_space>0x4</used_space>
         <unused_space>0x1ffc</unused_space>
         <attributes>RWIX</attributes>
         <usage_details>
            <allocated_space>
               <start_address>0x0</start_address>
               <size>0x4</size>
               <logical_group_ref idref="lg-4"/>
            </allocated_space>
            <available_space>
               <start_address>0x4</start_address>
               <size>0x1ffc</size>
            </available_space>
         </usage_details>
      </memory_area>
      <memory_area display="yes" color="green">
         <name>PRU_DMEM_1_0</name>
         <page_id>0x1</page_id>
         <origin>0x2000</origin>
         <length>0x2000</length>
         <used_space>0x0</used_space>
         <unused_space>0x2000</unused_space>
         <attributes>RWIX</attributes>
         <usage_details>
         </usage_details>
      </memory_area>
      <memory_area display="yes" color="green">
         <name>PRU_SHAREDMEM</name>
         <page_id>0x2</page_id>
         <origin>0x10000</origin>
         <length>0x3000</length>
         <used_space>0x0</used_space>
         <unused_space>0x3000</unused_space>
         <attributes>RWIX</attributes>
         <usage_details>
         </usage_details>
      </memory_area>
      <memory_area display="yes" color="green">
         <name>PRU_INTC</name>
         <page_id>0x2</page_id>
         <origin>0x20000</origin>
         <length>0x1504</length>
         <used_space>0x0</used_space>
         <unused_space>0x1504</unused_space>
         <attributes>RWIX</attributes>
         <usage_details>
         </usage_details>
      </memory_area>
      <memory_area display="no" color="green">
         <name>PRU_CFG</name>
         <page_id>0x2</page_id>
         <origin>0x26000</origin>
         <length>0x44</length>
         <used_space>0x0</used_space>
         <unused_space>0x44</unused_space>
         <attributes>RWIX</attributes>
         <usage_details>
         </usage_details>
      </memory_area>
      <memory_area display="no" color="green">
         <name>PRU_UART</name>
         <page_id>0x2</page_id>
         <origin>0x28000</origin>
         <length>0x38</length>
         <used_space>0x0</used_space>
         <unused_space>0x38</unused_space>
         <attributes>RWIX</attributes>
         <usage_details>
         </usage_details>
      </memory_area>
      <memory_area display="yes" color="green">
         <name>PRU_IEP</name>
         <page_id>0x2</page_id>
         <origin>0x2e000</origin>
         <length>0x31c</length>
         <used_space>0x0</used_space>
         <unused_space>0x31c</unused_space>
         <attributes>RWIX</attributes>
         <usage_details>
         </usage_details>
      </memory_area>
      <memory_area display="no" color="green">
         <name>PRU_ECAP</name>
         <page_id>0x2</page_id>
         <origin>0x30000</origin>
         <length>0x60</length>
         <used_space>0x0</used_space>
         <unused_space>0x60</unused_space>
         <attributes>RWIX</attributes>
         <usage_details>
         </usage_details>
      </memory_area>
      <memory_area display="yes" color="green">
         <name>RSVD27</name>
         <page_id>0x2</page_id>
         <origin>0x32000</origin>
         <length>0x100</length>
         <used_space>0x0</used_space>
         <unused_space>0x100</unused_space>
         <attributes>RWIX</attributes>
         <usage_details>
         </usage_details>
      </memory_area>
      <memory_area display="yes" color="green">
         <name>RSVD21</name>
         <page_id>0x2</page_id>
         <origin>0x32400</origin>
         <length>0x100</length>
         <used_space>0x0</used_space>
         <unused_space>0x100</unused_space>
         <attributes>RWIX</attributes>
         <usage_details>
         </usage_details>
      </memory_area>
      <memory_area display="yes" color="green">
         <name>L3OCMC</name>
         <page_id>0x2</page_id>
         <origin>0x40000000</origin>
         <length>0x10000</length>
         <used_space>0x0</used_space>
         <unused_space>0x10000</unused_space>
         <attributes>RWIX</attributes>
         <usage_details>
         </usage_details>
      </memory_area>
      <memory_area display="yes" color="green">
         <name>MCASP0_DMA</name>
         <page_id>0x2</page_id>
         <origin>0x46000000</origin>
         <length>0x100</length>
         <used_space>0x0</used_space>
         <unused_space>0x100</unused_space>
         <attributes>RWIX</attributes>
         <usage_details>
         </usage_details>
      </memory_area>
      <memory_area display="yes" color="green">
         <name>UART1</name>
         <page_id>0x2</page_id>
         <origin>0x48022000</origin>
         <length>0x88</length>
         <used_space>0x0</used_space>
         <unused_space>0x88</unused_space>
         <attributes>RWIX</attributes>
         <usage_details>
         </usage_details>
      </memory_area>
      <memory_area display="yes" color="green">
         <name>UART2</name>
         <page_id>0x2</page_id>
         <origin>0x48024000</origin>
         <length>0x88</length>
         <used_space>0x0</used_space>
         <unused_space>0x88</unused_space>
         <attributes>RWIX</attributes>
         <usage_details>
         </usage_details>
      </memory_area>
      <memory_area display="yes" color="green">
         <name>I2C1</name>
         <page_id>0x2</page_id>
         <origin>0x4802a000</origin>
         <length>0xd8</length>
         <used_space>0x0</used_space>
         <unused_space>0xd8</unused_space>
         <attributes>RWIX</attributes>
         <usage_details>
         </usage_details>
      </memory_area>
      <memory_area display="yes" color="green">
         <name>MCSPI0</name>
         <page_id>0x2</page_id>
         <origin>0x48030000</origin>
         <length>0x1a4</length>
         <used_space>0x0</used_space>
         <unused_space>0x1a4</unused_space>
         <attributes>RWIX</attributes>
         <usage_details>
         </usage_details>
      </memory_area>
      <memory_area display="no" color="green">
         <name>DMTIMER2</name>
         <page_id>0x2</page_id>
         <origin>0x48040000</origin>
         <length>0x5c</length>
         <used_space>0x0</used_space>
         <unused_space>0x5c</unused_space>
         <attributes>RWIX</attributes>
         <usage_details>
         </usage_details>
      </memory_area>
      <memory_area display="yes" color="green">
         <name>MMCHS0</name>
         <page_id>0x2</page_id>
         <origin>0x48060000</origin>
         <length>0x300</length>
         <used_space>0x0</used_space>
         <unused_space>0x300</unused_space>
         <attributes>RWIX</attributes>
         <usage_details>
         </usage_details>
      </memory_area>
      <memory_area display="yes" color="green">
         <name>MBX0</name>
         <page_id>0x2</page_id>
         <origin>0x480c8000</origin>
         <length>0x140</length>
         <used_space>0x0</used_space>
         <unused_space>0x140</unused_space>
         <attributes>RWIX</attributes>
         <usage_details>
         </usage_details>
      </memory_area>
      <memory_area display="yes" color="green">
         <name>SPINLOCK</name>
         <page_id>0x2</page_id>
         <origin>0x480ca000</origin>
         <length>0x880</length>
         <used_space>0x0</used_space>
         <unused_space>0x880</unused_space>
         <attributes>RWIX</attributes>
         <usage_details>
         </usage_details>
      </memory_area>
      <memory_area display="yes" color="green">
         <name>I2C2</name>
         <page_id>0x2</page_id>
         <origin>0x4819c000</origin>
         <length>0xd8</length>
         <used_space>0x0</used_space>
         <unused_space>0xd8</unused_space>
         <attributes>RWIX</attributes>
         <usage_details>
         </usage_details>
      </memory_area>
      <memory_area display="yes" color="green">
         <name>MCSPI1</name>
         <page_id>0x2</page_id>
         <origin>0x481a0000</origin>
         <length>0x1a4</length>
         <used_space>0x0</used_space>
         <unused_space>0x1a4</unused_space>
         <attributes>RWIX</attributes>
         <usage_details>
         </usage_details>
      </memory_area>
      <memory_area display="yes" color="green">
         <name>DCAN0</name>
         <page_id>0x2</page_id>
         <origin>0x481cc000</origin>
         <length>0x1e8</length>
         <used_space>0x0</used_space>
         <unused_space>0x1e8</unused_space>
         <attributes>RWIX</attributes>
         <usage_details>
         </usage_details>
      </memory_area>
      <memory_area display="yes" color="green">
         <name>DCAN1</name>
         <page_id>0x2</page_id>
         <origin>0x481d0000</origin>
         <length>0x1e8</length>
         <used_space>0x0</used_space>
         <unused_space>0x1e8</unused_space>
         <attributes>RWIX</attributes>
         <usage_details>
         </usage_details>
      </memory_area>
      <memory_area display="yes" color="green">
         <name>PWMSS0</name>
         <page_id>0x2</page_id>
         <origin>0x48300000</origin>
         <length>0x2c4</length>
         <used_space>0x0</used_space>
         <unused_space>0x2c4</unused_space>
         <attributes>RWIX</attributes>
         <usage_details>
         </usage_details>
      </memory_area>
      <memory_area display="yes" color="green">
         <name>PWMSS1</name>
         <page_id>0x2</page_id>
         <origin>0x48302000</origin>
         <length>0x2c4</length>
         <used_space>0x0</used_space>
         <unused_space>0x2c4</unused_space>
         <attributes>RWIX</attributes>
         <usage_details>
         </usage_details>
      </memory_area>
      <memory_area display="yes" color="green">
         <name>PWMSS2</name>
         <page_id>0x2</page_id>
         <origin>0x48304000</origin>
         <length>0x2c4</length>
         <used_space>0x0</used_space>
         <unused_space>0x2c4</unused_space>
         <attributes>RWIX</attributes>
         <usage_details>
         </usage_details>
      </memory_area>
      <memory_area display="yes" color="green">
         <name>RSVD13</name>
         <page_id>0x2</page_id>
         <origin>0x48310000</origin>
         <length>0x100</length>
         <used_space>0x0</used_space>
         <unused_space>0x100</unused_space>
         <attributes>RWIX</attributes>
         <usage_details>
         </usage_details>
      </memory_area>
      <memory_area display="yes" color="green">
         <name>RSVD10</name>
         <page_id>0x2</page_id>
         <origin>0x48318000</origin>
         <length>0x100</length>
         <used_space>0x0</used_space>
         <unused_space>0x100</unused_space>
         <attributes>RWIX</attributes>
         <usage_details>
         </usage_details>
      </memory_area>
      <memory_area display="yes" color="green">
         <name>TPCC</name>
         <page_id>0x2</page_id>
         <origin>0x49000000</origin>
         <length>0x1098</length>
         <used_space>0x0</used_space>
         <unused_space>0x1098</unused_space>
         <attributes>RWIX</attributes>
         <usage_details>
         </usage_details>
      </memory_area>
      <memory_area display="yes" color="green">
         <name>GEMAC</name>
         <page_id>0x2</page_id>
         <origin>0x4a100000</origin>
         <length>0x128c</length>
         <used_space>0x0</used_space>
         <unused_space>0x128c</unused_space>
         <attributes>RWIX</attributes>
         <usage_details>
         </usage_details>
      </memory_area>
      <memory_area display="yes" color="green">
         <name>DDR</name>
         <page_id>0x2</page_id>
         <origin>0x80000000</origin>
         <length>0x10000</length>
         <used_space>0x0</used_space>
         <unused_space>0x10000</unused_space>
         <attributes>RWIX</attributes>
         <usage_details>
         </usage_details>
      </memory_area>
   </placement_map>
   <symbol_table>
      <symbol id="sm-1">
         <name>__PRU_CREG_PRU_DMEM_0_1</name>
         <value>0x18</value>
      </symbol>
      <symbol id="sm-2">
         <name>__PRU_CREG_BASE_PRU_DMEM_0_1</name>
         <value>0x0</value>
      </symbol>
      <symbol id="sm-3">
         <name>__PRU_CREG_PRU_DMEM_1_0</name>
         <value>0x19</value>
      </symbol>
      <symbol id="sm-4">
         <name>__PRU_CREG_BASE_PRU_DMEM_1_0</name>
         <value>0x2000</value>
      </symbol>
      <symbol id="sm-5">
         <name>__PRU_CREG_PRU_SHAREDMEM</name>
         <value>0x1c</value>
      </symbol>
      <symbol id="sm-6">
         <name>__PRU_CREG_BASE_PRU_SHAREDMEM</name>
         <value>0x10000</value>
      </symbol>
      <symbol id="sm-7">
         <name>__PRU_CREG_PRU_INTC</name>
         <value>0x0</value>
      </symbol>
      <symbol id="sm-8">
         <name>__PRU_CREG_BASE_PRU_INTC</name>
         <value>0x20000</value>
      </symbol>
      <symbol id="sm-9">
         <name>__PRU_CREG_PRU_CFG</name>
         <value>0x4</value>
      </symbol>
      <symbol id="sm-a">
         <name>__PRU_CREG_BASE_PRU_CFG</name>
         <value>0x26000</value>
      </symbol>
      <symbol id="sm-b">
         <name>__PRU_CREG_PRU_UART</name>
         <value>0x7</value>
      </symbol>
      <symbol id="sm-c">
         <name>__PRU_CREG_BASE_PRU_UART</name>
         <value>0x28000</value>
      </symbol>
      <symbol id="sm-d">
         <name>__PRU_CREG_PRU_IEP</name>
         <value>0x1a</value>
      </symbol>
      <symbol id="sm-e">
         <name>__PRU_CREG_BASE_PRU_IEP</name>
         <value>0x2e000</value>
      </symbol>
      <symbol id="sm-f">
         <name>__PRU_CREG_PRU_ECAP</name>
         <value>0x3</value>
      </symbol>
      <symbol id="sm-10">
         <name>__PRU_CREG_BASE_PRU_ECAP</name>
         <value>0x30000</value>
      </symbol>
      <symbol id="sm-11">
         <name>__PRU_CREG_RSVD27</name>
         <value>0x1b</value>
      </symbol>
      <symbol id="sm-12">
         <name>__PRU_CREG_BASE_RSVD27</name>
         <value>0x32000</value>
      </symbol>
      <symbol id="sm-13">
         <name>__PRU_CREG_RSVD21</name>
         <value>0x15</value>
      </symbol>
      <symbol id="sm-14">
         <name>__PRU_CREG_BASE_RSVD21</name>
         <value>0x32400</value>
      </symbol>
      <symbol id="sm-15">
         <name>__PRU_CREG_L3OCMC</name>
         <value>0x1e</value>
      </symbol>
      <symbol id="sm-16">
         <name>__PRU_CREG_BASE_L3OCMC</name>
         <value>0x40000000</value>
      </symbol>
      <symbol id="sm-17">
         <name>__PRU_CREG_MCASP0_DMA</name>
         <value>0x8</value>
      </symbol>
      <symbol id="sm-18">
         <name>__PRU_CREG_BASE_MCASP0_DMA</name>
         <value>0x46000000</value>
      </symbol>
      <symbol id="sm-19">
         <name>__PRU_CREG_UART1</name>
         <value>0xb</value>
      </symbol>
      <symbol id="sm-1a">
         <name>__PRU_CREG_BASE_UART1</name>
         <value>0x48022000</value>
      </symbol>
      <symbol id="sm-1b">
         <name>__PRU_CREG_UART2</name>
         <value>0xc</value>
      </symbol>
      <symbol id="sm-1c">
         <name>__PRU_CREG_BASE_UART2</name>
         <value>0x48024000</value>
      </symbol>
      <symbol id="sm-1d">
         <name>__PRU_CREG_I2C1</name>
         <value>0x2</value>
      </symbol>
      <symbol id="sm-1e">
         <name>__PRU_CREG_BASE_I2C1</name>
         <value>0x4802a000</value>
      </symbol>
      <symbol id="sm-1f">
         <name>__PRU_CREG_MCSPI0</name>
         <value>0x6</value>
      </symbol>
      <symbol id="sm-20">
         <name>__PRU_CREG_BASE_MCSPI0</name>
         <value>0x48030000</value>
      </symbol>
      <symbol id="sm-21">
         <name>__PRU_CREG_DMTIMER2</name>
         <value>0x1</value>
      </symbol>
      <symbol id="sm-22">
         <name>__PRU_CREG_BASE_DMTIMER2</name>
         <value>0x48040000</value>
      </symbol>
      <symbol id="sm-23">
         <name>__PRU_CREG_MMCHS0</name>
         <value>0x5</value>
      </symbol>
      <symbol id="sm-24">
         <name>__PRU_CREG_BASE_MMCHS0</name>
         <value>0x48060000</value>
      </symbol>
      <symbol id="sm-25">
         <name>__PRU_CREG_MBX0</name>
         <value>0x16</value>
      </symbol>
      <symbol id="sm-26">
         <name>__PRU_CREG_BASE_MBX0</name>
         <value>0x480c8000</value>
      </symbol>
      <symbol id="sm-27">
         <name>__PRU_CREG_SPINLOCK</name>
         <value>0x17</value>
      </symbol>
      <symbol id="sm-28">
         <name>__PRU_CREG_BASE_SPINLOCK</name>
         <value>0x480ca000</value>
      </symbol>
      <symbol id="sm-29">
         <name>__PRU_CREG_I2C2</name>
         <value>0x11</value>
      </symbol>
      <symbol id="sm-2a">
         <name>__PRU_CREG_BASE_I2C2</name>
         <value>0x4819c000</value>
      </symbol>
      <symbol id="sm-2b">
         <name>__PRU_CREG_MCSPI1</name>
         <value>0x10</value>
      </symbol>
      <symbol id="sm-2c">
         <name>__PRU_CREG_BASE_MCSPI1</name>
         <value>0x481a0000</value>
      </symbol>
      <symbol id="sm-2d">
         <name>__PRU_CREG_DCAN0</name>
         <value>0xe</value>
      </symbol>
      <symbol id="sm-2e">
         <name>__PRU_CREG_BASE_DCAN0</name>
         <value>0x481cc000</value>
      </symbol>
      <symbol id="sm-2f">
         <name>__PRU_CREG_DCAN1</name>
         <value>0xf</value>
      </symbol>
      <symbol id="sm-30">
         <name>__PRU_CREG_BASE_DCAN1</name>
         <value>0x481d0000</value>
      </symbol>
      <symbol id="sm-31">
         <name>__PRU_CREG_PWMSS0</name>
         <value>0x12</value>
      </symbol>
      <symbol id="sm-32">
         <name>__PRU_CREG_BASE_PWMSS0</name>
         <value>0x48300000</value>
      </symbol>
      <symbol id="sm-33">
         <name>__PRU_CREG_PWMSS1</name>
         <value>0x13</value>
      </symbol>
      <symbol id="sm-34">
         <name>__PRU_CREG_BASE_PWMSS1</name>
         <value>0x48302000</value>
      </symbol>
      <symbol id="sm-35">
         <name>__PRU_CREG_PWMSS2</name>
         <value>0x14</value>
      </symbol>
      <symbol id="sm-36">
         <name>__PRU_CREG_BASE_PWMSS2</name>
         <value>0x48304000</value>
      </symbol>
      <symbol id="sm-37">
         <name>__PRU_CREG_RSVD13</name>
         <value>0xd</value>
      </symbol>
      <symbol id="sm-38">
         <name>__PRU_CREG_BASE_RSVD13</name>
         <value>0x48310000</value>
      </symbol>
      <symbol id="sm-39">
         <name>__PRU_CREG_RSVD10</name>
         <value>0xa</value>
      </symbol>
      <symbol id="sm-3a">
         <name>__PRU_CREG_BASE_RSVD10</name>
         <value>0x48318000</value>
      </symbol>
      <symbol id="sm-3b">
         <name>__PRU_CREG_TPCC</name>
         <value>0x1d</value>
      </symbol>
      <symbol id="sm-3c">
         <name>__PRU_CREG_BASE_TPCC</name>
         <value>0x49000000</value>
      </symbol>
      <symbol id="sm-3d">
         <name>__PRU_CREG_GEMAC</name>
         <value>0x9</value>
      </symbol>
      <symbol id="sm-3e">
         <name>__PRU_CREG_BASE_GEMAC</name>
         <value>0x4a100000</value>
      </symbol>
      <symbol id="sm-3f">
         <name>__PRU_CREG_DDR</name>
         <value>0x1f</value>
      </symbol>
      <symbol id="sm-40">
         <name>__PRU_CREG_BASE_DDR</name>
         <value>0x80000000</value>
      </symbol>
      <symbol id="sm-41">
         <name>__TI_STACK_SIZE</name>
         <value>0x4</value>
      </symbol>
      <symbol id="sm-42">
         <name>__TI_STACK_END</name>
         <value>0x4</value>
      </symbol>
      <symbol id="sm-43">
         <name>__c_args__</name>
         <value>0xffffffff</value>
      </symbol>
      <symbol id="sm-e8">
         <name>main</name>
         <value>0x1c</value>
         <object_component_ref idref="oc-33"/>
      </symbol>
      <symbol id="sm-fc">
         <name>_c_int00_noinit_noargs</name>
         <value>0x0</value>
         <object_component_ref idref="oc-14"/>
      </symbol>
      <symbol id="sm-fd">
         <name>_stack</name>
         <value>0x0</value>
         <object_component_ref idref="oc-11"/>
      </symbol>
      <symbol id="sm-112">
         <name>C$$EXIT</name>
         <value>0x80</value>
         <object_component_ref idref="oc-83"/>
      </symbol>
      <symbol id="sm-113">
         <name>abort</name>
         <value>0x78</value>
         <object_component_ref idref="oc-45"/>
      </symbol>
   </symbol_table>
   <title>Link successful</title>
</link_info>
